// Jest Snapshot v1, https://goo.gl/fbAQLP

exports[`renders Navbar correctly 1`] = `null`;
